[debug] [2026-02-20T16:17:08.702Z] ----------------------------------------------------------------------
[debug] [2026-02-20T16:17:08.703Z] Command:       /Users/cameronmoses/.nvm/versions/node/v20.20.0/bin/node /Users/cameronmoses/.nvm/versions/node/v20.20.0/bin/firebase init
[debug] [2026-02-20T16:17:08.703Z] CLI Version:   15.7.0
[debug] [2026-02-20T16:17:08.703Z] Platform:      darwin
[debug] [2026-02-20T16:17:08.703Z] Node Version:  v20.20.0
[debug] [2026-02-20T16:17:08.703Z] Time:          Fri Feb 20 2026 08:17:08 GMT-0800 (Pacific Standard Time)
[debug] [2026-02-20T16:17:08.703Z] ----------------------------------------------------------------------
[debug] 
[info] 
     ######## #### ########  ######## ########     ###     ######  ########
     ##        ##  ##     ## ##       ##     ##  ##   ##  ##       ##
     ######    ##  ########  ######   ########  #########  ######  ######
     ##        ##  ##    ##  ##       ##     ## ##     ##       ## ##
     ##       #### ##     ## ######## ########  ##     ##  ######  ########

You're about to initialize a Firebase project in this directory:

  /Users/cameronmoses/Desktop/First Clone/fes-netflix-clone

[info] 
=== Project Setup
[info] 
[info] First, let's associate this project directory with a Firebase project.
[info] You can create multiple project aliases by running firebase use --add, 
[info] 
[debug] [2026-02-20T16:18:19.564Z] > command requires scopes: ["email","openid","https://www.googleapis.com/auth/cloudplatformprojects.readonly","https://www.googleapis.com/auth/firebase","https://www.googleapis.com/auth/cloud-platform"]
[debug] [2026-02-20T16:18:19.564Z] > authorizing via signed-in user (cjmoses1318@gmail.com)
[debug] [2026-02-20T16:18:19.565Z] Checked if tokens are valid: true, expires at: 1771607753409
[debug] [2026-02-20T16:18:19.565Z] Checked if tokens are valid: true, expires at: 1771607753409
[debug] [2026-02-20T16:18:19.566Z] >>> [apiv2][query] GET https://firebase.googleapis.com/v1beta1/projects pageSize=100
[debug] [2026-02-20T16:18:19.912Z] <<< [apiv2][status] GET https://firebase.googleapis.com/v1beta1/projects 200
[debug] [2026-02-20T16:18:19.912Z] <<< [apiv2][body] GET https://firebase.googleapis.com/v1beta1/projects [omitted]
[info] 
=== Hosting Setup
[debug] [2026-02-20T16:18:26.542Z] Checked if tokens are valid: true, expires at: 1771607753409
[debug] [2026-02-20T16:18:26.543Z] Checked if tokens are valid: true, expires at: 1771607753409
[debug] [2026-02-20T16:18:26.543Z] >>> [apiv2][query] GET https://firebase.googleapis.com/v1beta1/projects/fes-netflix-clone [none]
[debug] [2026-02-20T16:18:26.761Z] <<< [apiv2][status] GET https://firebase.googleapis.com/v1beta1/projects/fes-netflix-clone 200
[debug] [2026-02-20T16:18:26.761Z] <<< [apiv2][body] GET https://firebase.googleapis.com/v1beta1/projects/fes-netflix-clone {"projectId":"fes-netflix-clone","projectNumber":"778331653168","displayName":"FES-Netflix-Clone","name":"projects/fes-netflix-clone","resources":{"hostingSite":"fes-netflix-clone"},"state":"ACTIVE","etag":"1_133c004b-9aa2-4e2a-8546-5cb08c8e63ca"}
[info] 
[info] Your public directory is the folder (relative to your project directory) that
[info] will contain Hosting assets to be uploaded with firebase deploy. If you
[info] have a build process for your assets, use your build's output directory.
[info] 
[info] 
[info] i  Detected a .git folder at /Users/cameronmoses 
[info] i  Authorizing with GitHub to upload your service account to a GitHub repository's secrets store. 
[info] 
[info] Visit this URL on this device to log in:
[info] https://github.com/login/oauth/authorize?client_id=89cf50f02ac6aaed3484&state=53780136&redirect_uri=http%3A%2F%2Flocalhost%3A9005&scope=read%3Auser%20repo%20public_repo
[info] 
[info] Waiting for authentication...
[debug] [2026-02-20T16:19:44.892Z] >>> [apiv2][query] POST https://github.com/login/oauth/access_token [none]
[debug] [2026-02-20T16:19:44.892Z] >>> [apiv2][body] POST https://github.com/login/oauth/access_token [stream]
[debug] [2026-02-20T16:19:46.109Z] <<< [apiv2][status] POST https://github.com/login/oauth/access_token 200
[debug] [2026-02-20T16:19:46.109Z] <<< [apiv2][body] POST https://github.com/login/oauth/access_token {"access_token":"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","token_type":"bearer","scope":"read:user,repo"}
[debug] [2026-02-20T16:19:46.116Z] >>> [apiv2][query] GET https://api.github.com/user [none]
[debug] [2026-02-20T16:19:46.412Z] <<< [apiv2][status] GET https://api.github.com/user 200
[debug] [2026-02-20T16:19:46.412Z] <<< [apiv2][body] GET https://api.github.com/user {"login":"CJMoses1318","id":58314660,"node_id":"MDQ6VXNlcjU4MzE0NjYw","avatar_url":"https://avatars.githubusercontent.com/u/58314660?v=4","gravatar_id":"","url":"https://api.github.com/users/CJMoses1318","html_url":"https://github.com/CJMoses1318","followers_url":"https://api.github.com/users/CJMoses1318/followers","following_url":"https://api.github.com/users/CJMoses1318/following{/other_user}","gists_url":"https://api.github.com/users/CJMoses1318/gists{/gist_id}","starred_url":"https://api.github.com/users/CJMoses1318/starred{/owner}{/repo}","subscriptions_url":"https://api.github.com/users/CJMoses1318/subscriptions","organizations_url":"https://api.github.com/users/CJMoses1318/orgs","repos_url":"https://api.github.com/users/CJMoses1318/repos","events_url":"https://api.github.com/users/CJMoses1318/events{/privacy}","received_events_url":"https://api.github.com/users/CJMoses1318/received_events","type":"User","user_view_type":"private","site_admin":false,"name":"CJMoses","company":null,"blog":"","location":null,"email":null,"hireable":null,"bio":null,"twitter_username":null,"notification_email":null,"public_repos":10,"public_gists":0,"followers":0,"following":1,"created_at":"2019-11-29T00:21:30Z","updated_at":"2025-11-03T23:21:05Z","private_gists":0,"total_private_repos":0,"owned_private_repos":0,"disk_usage":10454,"collaborators":0,"two_factor_authentication":false,"plan":{"name":"free","space":976562499,"collaborators":0,"private_repos":10000}}
[info] 
[info] ✔  Success! Logged into GitHub as CJMoses1318 
[info] 
